Script started on 2026-01-04 09:54:02+00:00 [<not executed on terminal>]
]0;Julia]0;Julia  Activating project at `~/projects/NCTSSoS.jl-review-fastpolynomial`
     Testing NCTSSoS
        Test Could not use exact versions of packages in manifest. Re-resolving dependencies
    Updating `/tmp/jl_a3sh3g/Project.toml`
  [4c88cf16] + Aqua v0.8.14
  [1e616198] + COSMO v0.8.9
  [61c947e1] + Clarabel v0.11.0
  [e30172f5] + Documenter v1.16.1
  [7d51a73a] + ExplicitImports v1.14.0
⌃ [86223c79] ↓ Graphs v1.13.3 ⇒ v1.13.1
  [1ec41992] + MosekTools v0.15.10
  [bfd54a76] + NCTSSoS v0.1.0 `~/projects/NCTSSoS.jl-review-fastpolynomial`
    Updating `/tmp/jl_a3sh3g/Manifest.toml`
  [14f7f29c] + AMD v0.5.3
  [a4c015fc] + ANSIColoredPrinters v0.0.1
  [4c88cf16] + Aqua v0.8.14
  [1e616198] + COSMO v0.8.9
  [bbd8fffe] + COSMOAccelerators v0.1.0
  [61c947e1] + Clarabel v0.11.0
⌅ [864edb3b] ↓ DataStructures v0.19.3 ⇒ v0.18.22
  [e30172f5] + Documenter v1.16.1
  [7d51a73a] + ExplicitImports v1.14.0
  [e2ba6199] + ExprTools v0.1.10
  [14197337] + GenericLinearAlgebra v0.3.19
  [d7ba0133] + Git v1.5.0
⌃ [86223c79] ↓ Graphs v1.13.3 ⇒ v1.13.1
  [b5f81e59] + IOCapture v1.0.0
  [c8e1da08] + IterTools v1.10.0
⌅ [682c06a0] ↓ JSON v1.3.0 ⇒ v0.21.4
  [0e77f7df] + LazilyInitializedFields v1.3.0
  [d0879d2d] + MarkdownAST v0.1.2
  [6405355b] + Mosek v11.0.1
  [1ec41992] + MosekTools v0.15.10
  [bfd54a76] + NCTSSoS v0.1.0 `~/projects/NCTSSoS.jl-review-fastpolynomial`
  [bfc457fd] + QDLDL v0.4.1
  [189a3867] + Reexport v1.2.2
  [2792f1a3] + RegistryInstances v0.1.0
  [ae029012] + Requires v1.3.1
  [66db9d55] + SnoopPrecompile v1.0.3
  [ec057cc2] - StructUtils v2.6.0
  [a759f4b9] + TimerOutputs v0.5.29
  [c4a57d5a] + UnsafeArrays v1.0.8
  [2e619515] + Expat_jll v2.7.3+0
  [020c3dae] + Git_LFS_jll v3.7.0+0
  [f8c6e375] + Git_jll v2.52.0+0
  [94ce4f54] + Libiconv_jll v1.18.0+0
  [9bd350c2] + OpenSSH_jll v10.2.1+0
  [0dad84c5] + ArgTools v1.1.2
  [8ba89e20] + Distributed v1.11.0
  [f43a241f] + Downloads v1.7.0
  [7b1f6079] + FileWatching v1.11.0
  [b27032c2] + LibCURL v0.6.4
  [76f85450] + LibGit2 v1.11.0
  [ca575930] + NetworkOptions v1.3.0
  [44cfe95a] + Pkg v1.12.1
  [3fa0cd96] + REPL v1.11.0
  [1a1011a3] + SharedArrays v1.11.0
  [6462fe0b] + Sockets v1.11.0
  [4607b0f0] + SuiteSparse
  [a4e569a6] + Tar v1.10.0
  [deac9b47] + LibCURL_jll v8.15.0+0
  [e37daf67] + LibGit2_jll v1.9.0+0
  [29816b5a] + LibSSH2_jll v1.11.3+1
  [14a3606d] + MozillaCACerts_jll v2025.5.20
  [458c3c95] + OpenSSL_jll v3.5.4+0
  [efcefdf7] + PCRE2_jll v10.44.0+1
  [8e850ede] + nghttp2_jll v1.64.0+1
  [3f19e933] + p7zip_jll v17.7.0+0
        Info Packages marked with ⌃ and ⌅ have new versions available. Those with ⌃ may be upgradable, but those with ⌅ are restricted by compatibility constraints from upgrading. To see why use `status --outdated -m`
[?25l[?25h[2K        Test Successfully re-resolved
      Status `/tmp/jl_a3sh3g/Project.toml`
  [4c88cf16] Aqua v0.8.14
  [1e616198] COSMO v0.8.9
  [60fd0770] ChordalGraph v0.4.1
  [61c947e1] Clarabel v0.11.0
  [60701a23] CliqueTrees v1.12.3
  [e30172f5] Documenter v1.16.1
  [7d51a73a] ExplicitImports v1.14.0
⌃ [86223c79] Graphs v1.13.1
  [4076af6c] JuMP v1.29.3
  [1ec41992] MosekTools v0.15.10
  [bfd54a76] NCTSSoS v0.1.0 `~/projects/NCTSSoS.jl-review-fastpolynomial`
  [37e2e46d] LinearAlgebra v1.12.0
  [2f01184e] SparseArrays v1.12.0
  [8dfed614] Test v1.11.0
      Status `/tmp/jl_a3sh3g/Manifest.toml`
  [14f7f29c] AMD v0.5.3
  [a4c015fc] ANSIColoredPrinters v0.0.1
  [1520ce14] AbstractTrees v0.4.5
  [4c88cf16] Aqua v0.8.14
  [ec485272] ArnoldiMethod v0.4.0
  [6e4b80f9] BenchmarkTools v1.6.3
  [1e616198] COSMO v0.8.9
  [bbd8fffe] COSMOAccelerators v0.1.0
  [60fd0770] ChordalGraph v0.4.1
  [61c947e1] Clarabel v0.11.0
  [60701a23] CliqueTrees v1.12.3
  [523fee87] CodecBzip2 v0.8.5
  [944b1d66] CodecZlib v0.7.8
  [08986516] Collects v1.0.0
  [bbf7d656] CommonSubexpressions v0.3.1
  [34da2185] Compat v4.18.1
⌅ [864edb3b] DataStructures v0.18.22
  [163ba53b] DiffResults v1.1.0
  [b552c78f] DiffRules v1.15.1
  [ffbed154] DocStringExtensions v0.9.5
  [e30172f5] Documenter v1.16.1
  [7d51a73a] ExplicitImports v1.14.0
  [e2ba6199] ExprTools v0.1.10
  [1a297f60] FillArrays v1.15.0
  [3821ddf9] FixedSizeArrays v1.2.0
  [f6369f11] ForwardDiff v1.3.1
  [14197337] GenericLinearAlgebra v0.3.19
  [d7ba0133] Git v1.5.0
⌃ [86223c79] Graphs v1.13.1
  [b5f81e59] IOCapture v1.0.0
  [d25df0c9] Inflate v0.1.5
  [92d709cd] IrrationalConstants v0.2.6
  [c8e1da08] IterTools v1.10.0
  [692b3bcd] JLLWrappers v1.7.1
⌅ [682c06a0] JSON v0.21.4
  [0f8b85d8] JSON3 v1.14.3
  [4076af6c] JuMP v1.29.3
  [0e77f7df] LazilyInitializedFields v1.3.0
  [2ab3a3ac] LogExpFunctions v0.3.29
  [1914dd2f] MacroTools v0.5.16
  [d0879d2d] MarkdownAST v0.1.2
  [b8f27783] MathOptInterface v1.48.0
  [6405355b] Mosek v11.0.1
  [1ec41992] MosekTools v0.15.10
  [d8a4904e] MutableArithmetics v1.6.7
  [bfd54a76] NCTSSoS v0.1.0 `~/projects/NCTSSoS.jl-review-fastpolynomial`
  [77ba4419] NaNMath v1.1.3
  [bac558e1] OrderedCollections v1.8.1
  [69de0a69] Parsers v2.8.3
  [aea7be01] PrecompileTools v1.3.3
  [21216c6a] Preferences v1.5.1
  [bfc457fd] QDLDL v0.4.1
  [189a3867] Reexport v1.2.2
  [2792f1a3] RegistryInstances v0.1.0
  [ae029012] Requires v1.3.1
  [699a6c99] SimpleTraits v0.9.5
  [66db9d55] SnoopPrecompile v1.0.3
  [276daf66] SpecialFunctions v2.6.1
  [90137ffa] StaticArrays v1.9.16
  [1e83bf80] StaticArraysCore v1.4.4
  [10745b16] Statistics v1.11.1
  [856f2bd8] StructTypes v1.11.0
  [a759f4b9] TimerOutputs v0.5.29
  [3bb67fe8] TranscodingStreams v0.11.3
  [c4a57d5a] UnsafeArrays v1.0.8
  [6e34b625] Bzip2_jll v1.0.9+0
  [2e619515] Expat_jll v2.7.3+0
  [020c3dae] Git_LFS_jll v3.7.0+0
  [f8c6e375] Git_jll v2.52.0+0
  [94ce4f54] Libiconv_jll v1.18.0+0
  [9bd350c2] OpenSSH_jll v10.2.1+0
  [efe28fd5] OpenSpecFun_jll v0.5.6+0
  [0dad84c5] ArgTools v1.1.2
  [56f22d72] Artifacts v1.11.0
  [2a0f44e3] Base64 v1.11.0
  [ade2ca70] Dates v1.11.0
  [8ba89e20] Distributed v1.11.0
  [f43a241f] Downloads v1.7.0
  [7b1f6079] FileWatching v1.11.0
  [b77e0a4c] InteractiveUtils v1.11.0
  [ac6e5ff7] JuliaSyntaxHighlighting v1.12.0
  [b27032c2] LibCURL v0.6.4
  [76f85450] LibGit2 v1.11.0
  [8f399da3] Libdl v1.11.0
  [37e2e46d] LinearAlgebra v1.12.0
  [56ddb016] Logging v1.11.0
  [d6f4376e] Markdown v1.11.0
  [a63ad114] Mmap v1.11.0
  [ca575930] NetworkOptions v1.3.0
  [44cfe95a] Pkg v1.12.1
  [de0858da] Printf v1.11.0
  [9abbd945] Profile v1.11.0
  [3fa0cd96] REPL v1.11.0
  [9a3f8284] Random v1.11.0
  [ea8e919c] SHA v0.7.0
  [9e88b42a] Serialization v1.11.0
  [1a1011a3] SharedArrays v1.11.0
  [6462fe0b] Sockets v1.11.0
  [2f01184e] SparseArrays v1.12.0
  [f489334b] StyledStrings v1.11.0
  [4607b0f0] SuiteSparse
  [fa267f1f] TOML v1.0.3
  [a4e569a6] Tar v1.10.0
  [8dfed614] Test v1.11.0
  [cf7118a7] UUIDs v1.11.0
  [4ec0a83e] Unicode v1.11.0
  [e66e0078] CompilerSupportLibraries_jll v1.3.0+1
  [deac9b47] LibCURL_jll v8.15.0+0
  [e37daf67] LibGit2_jll v1.9.0+0
  [29816b5a] LibSSH2_jll v1.11.3+1
  [14a3606d] MozillaCACerts_jll v2025.5.20
  [4536629a] OpenBLAS_jll v0.3.29+0
  [05823500] OpenLibm_jll v0.8.7+0
  [458c3c95] OpenSSL_jll v3.5.4+0
  [efcefdf7] PCRE2_jll v10.44.0+1
  [bea87d4a] SuiteSparse_jll v7.8.3+2
  [83775a58] Zlib_jll v1.3.1+2
  [8e850b90] libblastrampoline_jll v5.15.0+0
  [8e850ede] nghttp2_jll v1.64.0+1
  [3f19e933] p7zip_jll v17.7.0+0
        Info Packages marked with ⌃ and ⌅ have new versions available. Those with ⌃ may be upgradable, but those with ⌅ are restricted by compatibility constraints from upgrading.
[?25h     Testing Running tests...
┌ Info: Test configuration
│   USE_LOCAL = true
│   ARGS =
│    1-element Vector{String}:
└     "--local"
┌ Info: Running tests
│   polynomials = true
│   quality = true
│   relaxations = true
└   problems = true
[ Info: Using Mosek (--local)
WARNING: Method definition flatten_sizes(Any) 